--------- beginning of main
08-12 11:18:13.264  6503  6523 I BB_PROD_SWEEP: SUITE KLEIDI rounds=3 runs=10 arms=6
08-12 11:18:13.264  6503  6523 I BB_PROD_SWEEP: TOPOLOGY ARMv9 cores=8(perf=8[0, 1, 2, 3, 4, 5, 6, 7],eff=0[]) neon=true fp16=true dotprod=true i8mm=true sve=true sve2=true sme=true sme2=false
08-12 11:18:13.264  6503  6523 I BB_PROD_SWEEP: PRODUCTION base=arm-adaptive(threads=2) intra=2 arena=false optCache=true affinity=OFF
08-12 11:18:13.264  6503  6523 I BB_PROD_SWEEP: BATTERY_START tempC=31.8 status=charging plugged=usb level=61
08-12 11:18:13.264  6503  6523 I BB_PROD_SWEEP: UNAVAILABLE [battery.energyCounter]
08-12 11:18:16.669  6503  6523 I BB_PROD_SWEEP: REFERENCE KLEIDI longTokens=12 shortTokens=2 out="आज मौसम बहुत अच्छा है और मैं बाहर जाना चाहता हूँ ।"
08-12 11:18:16.669  6503  6523 I BB_PROD_SWEEP: ROUND KLEIDI SHIPPING r1/3 longMedian=89.00ms tempC=31.8
08-12 11:18:18.762  6503  6523 I BB_PROD_SWEEP: ROUND KLEIDI SHIPPING_noKleidiAI r1/3 longMedian=77.00ms tempC=31.8
08-12 11:18:21.372  6503  6523 I BB_PROD_SWEEP: ROUND KLEIDI intra4 r1/3 longMedian=96.00ms tempC=31.8
08-12 11:18:23.730  6503  6523 I BB_PROD_SWEEP: ROUND KLEIDI intra4_noKleidiAI r1/3 longMedian=89.00ms tempC=31.8
08-12 11:18:26.210  6503  6523 I BB_PROD_SWEEP: ROUND KLEIDI SHIPPING_recheck r1/3 longMedian=89.00ms tempC=31.8
08-12 11:18:28.377  6503  6523 I BB_PROD_SWEEP: ROUND KLEIDI SHIPPING_noKleidiAI_recheck r1/3 longMedian=78.00ms tempC=31.8
08-12 11:18:30.546  6503  6523 I BB_PROD_SWEEP: ROUND KLEIDI SHIPPING_noKleidiAI r2/3 longMedian=78.00ms tempC=31.8
08-12 11:18:33.199  6503  6523 I BB_PROD_SWEEP: ROUND KLEIDI intra4 r2/3 longMedian=96.00ms tempC=31.8
08-12 11:18:35.628  6503  6523 I BB_PROD_SWEEP: ROUND KLEIDI intra4_noKleidiAI r2/3 longMedian=91.00ms tempC=31.8
08-12 11:18:38.153  6503  6523 I BB_PROD_SWEEP: ROUND KLEIDI SHIPPING_recheck r2/3 longMedian=91.00ms tempC=31.8
08-12 11:18:40.386  6503  6523 I BB_PROD_SWEEP: ROUND KLEIDI SHIPPING_noKleidiAI_recheck r2/3 longMedian=81.00ms tempC=33.4
08-12 11:18:42.951  6503  6523 I BB_PROD_SWEEP: ROUND KLEIDI SHIPPING r2/3 longMedian=92.00ms tempC=33.4
08-12 11:18:45.587  6503  6523 I BB_PROD_SWEEP: ROUND KLEIDI intra4 r3/3 longMedian=97.00ms tempC=33.4
08-12 11:18:48.014  6503  6523 I BB_PROD_SWEEP: ROUND KLEIDI intra4_noKleidiAI r3/3 longMedian=93.00ms tempC=33.4
08-12 11:18:50.600  6503  6523 I BB_PROD_SWEEP: ROUND KLEIDI SHIPPING_recheck r3/3 longMedian=93.00ms tempC=33.4
08-12 11:18:52.841  6503  6523 I BB_PROD_SWEEP: ROUND KLEIDI SHIPPING_noKleidiAI_recheck r3/3 longMedian=81.00ms tempC=33.4
08-12 11:18:55.373  6503  6523 I BB_PROD_SWEEP: ROUND KLEIDI SHIPPING r3/3 longMedian=90.00ms tempC=33.4
08-12 11:18:57.597  6503  6523 I BB_PROD_SWEEP: ROUND KLEIDI SHIPPING_noKleidiAI r3/3 longMedian=81.00ms tempC=33.4
08-12 11:18:57.696  6503  6523 I BB_PROD_SWEEP: BATTERY_END tempC=33.4 level=61
08-12 11:18:57.696  6503  6523 I BB_PROD_SWEEP: RESULT KLEIDI LONG SHIPPING {"n":30,"min":87.0,"max":97.0,"mean":90.167,"median":90.0,"p95":93.0,"p99":97.0,"stdev":2.001} tokens=12 tokPerSec=133.33
08-12 11:18:57.696  6503  6523 I BB_PROD_SWEEP: RESULT KLEIDI SHORT SHIPPING {"n":30,"min":23.0,"max":26.0,"mean":24.167,"median":24.0,"p95":26.0,"p99":26.0,"stdev":0.86} tokens=2 tokPerSec=83.33
08-12 11:18:57.696  6503  6523 I BB_PROD_SWEEP: SYS KLEIDI SHIPPING intra=2 inter=null parallel=false affinity=OFF coresBusy=2.47 cpuMsPerTx=148.83 migrations=158 nonvolCtxt=366 perfFreqMHz=[2942, 2697, 2697] tempC=31.8->33.4 pssKb=672733->687310 roundMedians=[89.00, 92.00, 90.00]
08-12 11:18:57.696  6503  6523 I BB_PROD_SWEEP: RESULT KLEIDI LONG SHIPPING_noKleidiAI {"n":30,"min":75.0,"max":83.0,"mean":78.667,"median":78.0,"p95":82.0,"p99":83.0,"stdev":2.211} tokens=12 tokPerSec=153.85
08-12 11:18:57.696  6503  6523 I BB_PROD_SWEEP: RESULT KLEIDI SHORT SHIPPING_noKleidiAI {"n":30,"min":20.0,"max":23.0,"mean":21.167,"median":21.0,"p95":23.0,"p99":23.0,"stdev":0.778} tokens=2 tokPerSec=95.24
08-12 11:18:57.696  6503  6523 I BB_PROD_SWEEP: SYS KLEIDI SHIPPING_noKleidiAI intra=2 inter=null parallel=false affinity=OFF coresBusy=2.50 cpuMsPerTx=132.67 migrations=135 nonvolCtxt=364 perfFreqMHz=[2942, 2856, 2697] tempC=31.8->33.4 pssKb=652586->629070 roundMedians=[77.00, 78.00, 81.00]
08-12 11:18:57.696  6503  6523 I BB_PROD_SWEEP: RESULT KLEIDI LONG intra4 {"n":30,"min":90.0,"max":105.0,"mean":95.667,"median":96.0,"p95":101.0,"p99":105.0,"stdev":3.581} tokens=12 tokPerSec=125.00
08-12 11:18:57.697  6503  6523 I BB_PROD_SWEEP: RESULT KLEIDI SHORT intra4 {"n":30,"min":23.0,"max":35.0,"mean":28.567,"median":29.0,"p95":34.0,"p99":35.0,"stdev":2.667} tokens=2 tokPerSec=68.97
08-12 11:18:57.697  6503  6523 I BB_PROD_SWEEP: SYS KLEIDI intra4 intra=4 inter=null parallel=false affinity=OFF coresBusy=4.70 cpuMsPerTx=307.33 migrations=732 nonvolCtxt=1871 perfFreqMHz=[2856, 2697, 2697] tempC=31.8->33.4 pssKb=683255->676766 roundMedians=[96.00, 96.00, 97.00]
08-12 11:18:57.697  6503  6523 I BB_PROD_SWEEP: RESULT KLEIDI LONG intra4_noKleidiAI {"n":30,"min":84.0,"max":97.0,"mean":90.967,"median":91.0,"p95":96.0,"p99":97.0,"stdev":3.071} tokens=12 tokPerSec=131.87
08-12 11:18:57.697  6503  6523 I BB_PROD_SWEEP: RESULT KLEIDI SHORT intra4_noKleidiAI {"n":30,"min":22.0,"max":33.0,"mean":26.233,"median":27.0,"p95":31.0,"p99":33.0,"stdev":3.095} tokens=2 tokPerSec=74.07
08-12 11:18:57.697  6503  6523 I BB_PROD_SWEEP: SYS KLEIDI intra4_noKleidiAI intra=4 inter=null parallel=false affinity=OFF coresBusy=4.72 cpuMsPerTx=291.83 migrations=735 nonvolCtxt=1963 perfFreqMHz=[2856, 2769, 2697] tempC=31.8->33.4 pssKb=630038->642658 roundMedians=[89.00, 91.00, 93.00]
08-12 11:18:57.697  6503  6523 I BB_PROD_SWEEP: RESULT KLEIDI LONG SHIPPING_recheck {"n":30,"min":88.0,"max":100.0,"mean":91.167,"median":91.0,"p95":95.0,"p99":100.0,"stdev":2.451} tokens=12 tokPerSec=131.87
08-12 11:18:57.697  6503  6523 I BB_PROD_SWEEP: RESULT KLEIDI SHORT SHIPPING_recheck {"n":30,"min":24.0,"max":29.0,"mean":24.633,"median":24.0,"p95":27.0,"p99":29.0,"stdev":1.08} tokens=2 tokPerSec=83.33
08-12 11:18:57.697  6503  6523 I BB_PROD_SWEEP: SYS KLEIDI SHIPPING_recheck intra=2 inter=null parallel=false affinity=OFF coresBusy=2.46 cpuMsPerTx=150.17 migrations=140 nonvolCtxt=384 perfFreqMHz=[2769, 2697, 2611] tempC=31.8->33.4 pssKb=677334->676202 roundMedians=[89.00, 91.00, 93.00]
08-12 11:18:57.697  6503  6523 I BB_PROD_SWEEP: RESULT KLEIDI LONG SHIPPING_noKleidiAI_recheck {"n":30,"min":76.0,"max":88.0,"mean":80.233,"median":80.0,"p95":84.0,"p99":88.0,"stdev":2.362} tokens=12 tokPerSec=150.00
08-12 11:18:57.697  6503  6523 I BB_PROD_SWEEP: RESULT KLEIDI SHORT SHIPPING_noKleidiAI_recheck {"n":30,"min":21.0,"max":28.0,"mean":21.967,"median":22.0,"p95":25.0,"p99":28.0,"stdev":1.472} tokens=2 tokPerSec=90.91
08-12 11:18:57.697  6503  6523 I BB_PROD_SWEEP: SYS KLEIDI SHIPPING_noKleidiAI_recheck intra=2 inter=null parallel=false affinity=OFF coresBusy=2.49 cpuMsPerTx=135.00 migrations=119 nonvolCtxt=342 perfFreqMHz=[2856, 2769, 2697] tempC=31.8->33.4 pssKb=637650->632874 roundMedians=[78.00, 81.00, 81.00]
08-12 11:18:57.697  6503  6523 I BB_PROD_SWEEP: DRIFT KLEIDI firstRound=86.33ms lastRound=89.17ms ratio=1.03
08-12 11:18:57.697  6503  6523 I BB_PROD_SWEEP: KLEIDI_CONTEXT shippingThreads=2 i8mm=true sme=true sme2=false dotprod=true
