--------- beginning of main
08-13 08:37:28.917 24894 24909 I BB.Q22  : CONFIG cycles=100
08-13 08:37:29.446 24894 24909 I BB.Q22  : CYCLE 0 EN_TO_HI build_ms=370 translate_ms=103 pss_kb=455003 native_pss_kb=380413 native_heap_kb=365446 swap_kb=14872 mapped_model_mb=138 out='आज मौसम बहुत अच्छा है और मैं बाहर जाना च'
08-13 08:37:35.423 24894 24909 I BB.Q22  : CYCLE 10 EN_TO_HI build_ms=338 translate_ms=89 pss_kb=478488 native_pss_kb=388521 native_heap_kb=365367 swap_kb=14216 mapped_model_mb=138 out='आज मौसम बहुत अच्छा है और मैं बाहर जाना च'
08-13 08:37:40.161 24894 24909 I BB.Q22  : CYCLE 20 EN_TO_HI build_ms=361 translate_ms=92 pss_kb=479692 native_pss_kb=389133 native_heap_kb=365396 swap_kb=14216 mapped_model_mb=138 out='आज मौसम बहुत अच्छा है और मैं बाहर जाना च'
08-13 08:37:44.973 24894 24909 I BB.Q22  : CYCLE 30 EN_TO_HI build_ms=373 translate_ms=90 pss_kb=477848 native_pss_kb=388161 native_heap_kb=365424 swap_kb=14216 mapped_model_mb=138 out='आज मौसम बहुत अच्छा है और मैं बाहर जाना च'
08-13 08:37:49.846 24894 24909 I BB.Q22  : CYCLE 40 EN_TO_HI build_ms=358 translate_ms=96 pss_kb=484288 native_pss_kb=389317 native_heap_kb=365465 swap_kb=14216 mapped_model_mb=138 out='आज मौसम बहुत अच्छा है और मैं बाहर जाना च'
08-13 08:37:54.847 24894 24909 I BB.Q22  : CYCLE 50 EN_TO_HI build_ms=371 translate_ms=95 pss_kb=488817 native_pss_kb=389425 native_heap_kb=365481 swap_kb=14216 mapped_model_mb=138 out='आज मौसम बहुत अच्छा है और मैं बाहर जाना च'
08-13 08:37:59.870 24894 24909 I BB.Q22  : CYCLE 60 EN_TO_HI build_ms=372 translate_ms=96 pss_kb=524097 native_pss_kb=389473 native_heap_kb=365497 swap_kb=14216 mapped_model_mb=138 out='आज मौसम बहुत अच्छा है और मैं बाहर जाना च'
08-13 08:38:04.908 24894 24909 I BB.Q22  : CYCLE 70 EN_TO_HI build_ms=385 translate_ms=101 pss_kb=498033 native_pss_kb=389437 native_heap_kb=365551 swap_kb=14216 mapped_model_mb=138 out='आज मौसम बहुत अच्छा है और मैं बाहर जाना च'
08-13 08:38:09.932 24894 24909 I BB.Q22  : CYCLE 80 EN_TO_HI build_ms=366 translate_ms=98 pss_kb=468449 native_pss_kb=389945 native_heap_kb=365564 swap_kb=14216 mapped_model_mb=138 out='आज मौसम बहुत अच्छा है और मैं बाहर जाना च'
08-13 08:38:14.952 24894 24909 I BB.Q22  : CYCLE 90 EN_TO_HI build_ms=378 translate_ms=97 pss_kb=499897 native_pss_kb=389161 native_heap_kb=365619 swap_kb=14216 mapped_model_mb=138 out='आज मौसम बहुत अच्छा है और मैं बाहर जाना च'
08-13 08:38:19.770 24894 24909 I BB.Q22  : CYCLE 99 HI_TO_EN build_ms=415 translate_ms=81 pss_kb=392401 native_pss_kb=298217 native_heap_kb=274552 swap_kb=14216 mapped_model_mb=94 out='The weather is great today and I want to'
08-13 08:38:19.770 24894 24909 I BB.Q22  : PSS first_decile_kb=441211 last_decile_kb=439786 drift_mb=-1 peak_kb=529429
08-13 08:38:19.770 24894 24909 I BB.Q22  : NATIVE_HEAP first_decile_kb=320888 last_decile_kb=320076 drift_mb=0 peak_kb=365625
08-13 08:38:19.771 24894 24909 I BB.Q22  : BUILD {"n":100,"min":334.0,"max":1711.0,"mean":387.33,"median":373.0,"p95":414.0,"p99":419.0,"stdev":134.249}
08-13 08:38:19.771 24894 24909 I BB.Q22  : TRANSLATE {"n":100,"min":72.0,"max":103.0,"mean":85.75,"median":88.0,"p95":101.0,"p99":102.0,"stdev":9.734}
08-13 08:38:19.771 24894 24909 I BB.Q22  : FAILURES 0
08-13 08:40:22.848 27553 27566 I BB.Q15  : REPORT shipping baseline ort_rss_kb=3620 rss_file_kb=73932 rss_anon_kb=479280 vm_swap_kb=15064 mem_available_kb=4068536 swap_used_kb=5109372 d_minflt=134817 d_majflt=0 translate_minflt=1698 translate_majflt=0 translate_pswpin=0 translate_pgmajfault=0 translate_ms=82 ok=true
08-13 08:40:23.278 27553 27566 I BB.Q15  : REPORT shipping pressure_512mb ort_rss_kb=3620 rss_file_kb=74224 rss_anon_kb=463976 vm_swap_kb=14364 mem_available_kb=3569112 swap_used_kb=5109884 d_minflt=135588 d_majflt=0 translate_minflt=1686 translate_majflt=0 translate_pswpin=0 translate_pgmajfault=0 translate_ms=82 ok=true
08-13 08:40:23.763 27553 27566 I BB.Q15  : REPORT shipping pressure_1024mb ort_rss_kb=3620 rss_file_kb=74224 rss_anon_kb=459112 vm_swap_kb=14364 mem_available_kb=3352604 swap_used_kb=5264572 d_minflt=135285 d_majflt=0 translate_minflt=1651 translate_majflt=0 translate_pswpin=0 translate_pgmajfault=0 translate_ms=85 ok=true
08-13 08:40:24.254 27553 27566 I BB.Q15  : REPORT shipping pressure_1536mb ort_rss_kb=3620 rss_file_kb=74224 rss_anon_kb=458668 vm_swap_kb=14364 mem_available_kb=3260056 swap_used_kb=5300584 d_minflt=135315 d_majflt=0 translate_minflt=1921 translate_majflt=0 translate_pswpin=0 translate_pgmajfault=0 translate_ms=86 ok=true
08-13 08:40:24.734 27553 27566 I BB.Q15  : REPORT shipping pressure_2048mb ort_rss_kb=3620 rss_file_kb=74224 rss_anon_kb=398352 vm_swap_kb=72348 mem_available_kb=3118068 swap_used_kb=5737320 d_minflt=135274 d_majflt=0 translate_minflt=2121 translate_majflt=0 translate_pswpin=0 translate_pgmajfault=0 translate_ms=85 ok=true
08-13 08:40:25.216 27553 27566 I BB.Q15  : REPORT shipping pressure_2560mb ort_rss_kb=3576 rss_file_kb=74096 rss_anon_kb=400516 vm_swap_kb=72348 mem_available_kb=2890052 swap_used_kb=5815576 d_minflt=135276 d_majflt=0 translate_minflt=1788 translate_majflt=0 translate_pswpin=0 translate_pgmajfault=0 translate_ms=83 ok=true
08-13 08:40:25.699 27553 27566 I BB.Q15  : REPORT shipping pressure_3072mb ort_rss_kb=3576 rss_file_kb=74096 rss_anon_kb=400472 vm_swap_kb=72348 mem_available_kb=2582824 swap_used_kb=6029116 d_minflt=135287 d_majflt=1 translate_minflt=1810 translate_majflt=0 translate_pswpin=0 translate_pgmajfault=0 translate_ms=86 ok=true
08-13 08:40:25.982 27553 27566 I BB.Q15  : REPORT shipping peak_pressure ort_rss_kb=3576 rss_file_kb=74096 rss_anon_kb=392772 vm_swap_kb=72348 mem_available_kb=2612772 swap_used_kb=6067772 d_minflt=2885 d_majflt=1 translate_minflt=2134 translate_majflt=4 translate_pswpin=0 translate_pgmajfault=0 translate_ms=84 ok=true
08-13 08:40:29.590 27553 27566 I BB.Q15  : REPORT shipping released ort_rss_kb=3576 rss_file_kb=74632 rss_anon_kb=400180 vm_swap_kb=71324 mem_available_kb=5108856 swap_used_kb=5494896 d_minflt=2992 d_majflt=260 translate_minflt=2358 translate_majflt=10 translate_pswpin=0 translate_pgmajfault=0 translate_ms=91 ok=true
